[designing-world.com/bigshop-2.3.0/index-2.html]
[backblue.gif]
[fade.gif]
[index.html]
[designing-world.com/bigshop-2.3.0/img/core-img/favicon.ico]
[designing-world.com/bigshop-2.3.0/style.css]
[designing-world.com/bigshop-2.3.0/index.html]
[designing-world.com/bigshop-2.3.0/img/core-img/logo.png]
[designing-world.com/bigshop-2.3.0/index-1.html]
[designing-world.com/bigshop-2.3.0/index-3.html]
[designing-world.com/bigshop-2.3.0/shop-grid-left-sidebar.html]
[designing-world.com/bigshop-2.3.0/shop-grid-right-sidebar.html]
[designing-world.com/bigshop-2.3.0/shop-grid-top-sidebar.html]
[designing-world.com/bigshop-2.3.0/shop-grid-no-sidebar.html]
[designing-world.com/bigshop-2.3.0/shop-list-left-sidebar.html]
[designing-world.com/bigshop-2.3.0/shop-list-right-sidebar.html]
[designing-world.com/bigshop-2.3.0/shop-list-top-sidebar.html]
[designing-world.com/bigshop-2.3.0/shop-list-no-sidebar.html]
[designing-world.com/bigshop-2.3.0/product-details.html]
[designing-world.com/bigshop-2.3.0/cart.html]
[designing-world.com/bigshop-2.3.0/checkout-1.html]
[designing-world.com/bigshop-2.3.0/checkout-2.html]
[designing-world.com/bigshop-2.3.0/checkout-3.html]
[designing-world.com/bigshop-2.3.0/checkout-4.html]
[designing-world.com/bigshop-2.3.0/checkout-5.html]
[designing-world.com/bigshop-2.3.0/checkout-complate.html]
[designing-world.com/bigshop-2.3.0/my-account.html]
[designing-world.com/bigshop-2.3.0/order-list.html]
[designing-world.com/bigshop-2.3.0/downloads.html]
[designing-world.com/bigshop-2.3.0/addresses.html]
[designing-world.com/bigshop-2.3.0/account-details.html]
[designing-world.com/bigshop-2.3.0/wishlist.html]
[designing-world.com/bigshop-2.3.0/compare.html]
[designing-world.com/bigshop-2.3.0/about-us.html]
[designing-world.com/bigshop-2.3.0/faq.html]
[designing-world.com/bigshop-2.3.0/contact.html]
[designing-world.com/bigshop-2.3.0/login.html]
[designing-world.com/bigshop-2.3.0/404.html]
[designing-world.com/bigshop-2.3.0/500.html]
[designing-world.com/bigshop-2.3.0/coming-soon.html]
[designing-world.com/bigshop-2.3.0/img/bg-img/mega-slide-2.jpg]
[designing-world.com/bigshop-2.3.0/img/bg-img/mega-slide-1.jpg]
[designing-world.com/bigshop-2.3.0/blog-with-left-sidebar.html]
[designing-world.com/bigshop-2.3.0/blog-with-right-sidebar.html]
[designing-world.com/bigshop-2.3.0/blog-with-no-sidebar.html]
[designing-world.com/bigshop-2.3.0/single-blog.html]
[designing-world.com/bigshop-2.3.0/accordian.html]
[designing-world.com/bigshop-2.3.0/alerts.html]
[designing-world.com/bigshop-2.3.0/badges.html]
[designing-world.com/bigshop-2.3.0/blockquotes.html]
[designing-world.com/bigshop-2.3.0/breadcrumb.html]
[designing-world.com/bigshop-2.3.0/buttons.html]
[designing-world.com/bigshop-2.3.0/forms.html]
[designing-world.com/bigshop-2.3.0/gallery.html]
[designing-world.com/bigshop-2.3.0/heading.html]
[designing-world.com/bigshop-2.3.0/icon-fontawesome.html]
[designing-world.com/bigshop-2.3.0/icon-icofont.html]
[designing-world.com/bigshop-2.3.0/labels.html]
[designing-world.com/bigshop-2.3.0/modals.html]
[designing-world.com/bigshop-2.3.0/pagination.html]
[designing-world.com/bigshop-2.3.0/progress-bars.html]
[designing-world.com/bigshop-2.3.0/tables.html]
[designing-world.com/bigshop-2.3.0/img/product-img/top-1.png]
[designing-world.com/bigshop-2.3.0/img/product-img/best-4.png]
[designing-world.com/bigshop-2.3.0/img/bg-img/user.jpg]
[designing-world.com/bigshop-2.3.0/img/bg-img/9.jpg]
[designing-world.com/bigshop-2.3.0/img/bg-img/13.jpg]
[designing-world.com/bigshop-2.3.0/img/bg-img/14.jpg]
[designing-world.com/bigshop-2.3.0/img/bg-img/15.jpg]
[designing-world.com/bigshop-2.3.0/img/product-img/best-1.png]
[designing-world.com/bigshop-2.3.0/img/product-img/best-2.png]
[designing-world.com/bigshop-2.3.0/img/product-img/best-3.png]
[designing-world.com/bigshop-2.3.0/img/product-img/top-2.png]
[designing-world.com/bigshop-2.3.0/img/product-img/onsale-4.png]
[designing-world.com/bigshop-2.3.0/img/product-img/onsale-5.png]
[designing-world.com/bigshop-2.3.0/img/product-img/onsale-1.png]
[designing-world.com/bigshop-2.3.0/img/product-img/onsale-2.png]
[designing-world.com/bigshop-2.3.0/img/product-img/new-1-back.png]
[designing-world.com/bigshop-2.3.0/img/product-img/new-1.png]
[designing-world.com/bigshop-2.3.0/img/product-img/1.jpg]
[designing-world.com/bigshop-2.3.0/img/product-img/2.jpg]
[designing-world.com/bigshop-2.3.0/img/product-img/17.jpg]
[designing-world.com/bigshop-2.3.0/img/product-img/4.jpg]
[designing-world.com/bigshop-2.3.0/img/product-img/5.jpg]
[designing-world.com/bigshop-2.3.0/img/product-img/6.jpg]
[designing-world.com/bigshop-2.3.0/img/product-img/7.jpg]
[designing-world.com/bigshop-2.3.0/img/product-img/8.jpg]
[designing-world.com/bigshop-2.3.0/img/product-img/beach.png]
[designing-world.com/bigshop-2.3.0/img/product-img/apparels.jpg]
[designing-world.com/bigshop-2.3.0/img/product-img/weekly-offer.jpg]
[designing-world.com/bigshop-2.3.0/img/product-img/elect.jpg]
[designing-world.com/bigshop-2.3.0/img/product-img/backpack.jpg]
[designing-world.com/bigshop-2.3.0/img/product-img/21.jpg]
[designing-world.com/bigshop-2.3.0/img/product-img/20.jpg]
[designing-world.com/bigshop-2.3.0/img/product-img/23.jpg]
[designing-world.com/bigshop-2.3.0/img/product-img/12.jpg]
[designing-world.com/bigshop-2.3.0/img/product-img/13.jpg]
[designing-world.com/bigshop-2.3.0/img/product-img/14.jpg]
[designing-world.com/bigshop-2.3.0/img/product-img/15.jpg]
[designing-world.com/bigshop-2.3.0/img/product-img/16.jpg]
[designing-world.com/bigshop-2.3.0/img/core-img/play-store.png]
[designing-world.com/bigshop-2.3.0/img/core-img/app-store.png]
[designing-world.com/bigshop-2.3.0/img/payment-method/paypal.png]
[designing-world.com/bigshop-2.3.0/img/payment-method/maestro.png]
[designing-world.com/bigshop-2.3.0/img/payment-method/western-union.png]
[designing-world.com/bigshop-2.3.0/img/payment-method/discover.png]
[designing-world.com/bigshop-2.3.0/img/payment-method/american-express.png]
[designing-world.com/bigshop-2.3.0/js/jquery.min.js]
[designing-world.com/bigshop-2.3.0/js/popper.min.js]
[designing-world.com/bigshop-2.3.0/js/bootstrap.min.js]
[designing-world.com/bigshop-2.3.0/js/jquery.easing.min.js]
[designing-world.com/bigshop-2.3.0/js/default/classy-nav.min.js]
[designing-world.com/bigshop-2.3.0/js/owl.carousel.min.js]
[designing-world.com/bigshop-2.3.0/js/default/scrollup.js]
[designing-world.com/bigshop-2.3.0/js/waypoints.min.js]
[designing-world.com/bigshop-2.3.0/js/jquery.countdown.min.js]
[designing-world.com/bigshop-2.3.0/js/jquery.counterup.min.js]
[designing-world.com/bigshop-2.3.0/js/jquery-ui.min.js]
[designing-world.com/bigshop-2.3.0/js/jarallax.min.js]
[designing-world.com/bigshop-2.3.0/js/jarallax-video.min.js]
[designing-world.com/bigshop-2.3.0/js/jquery.magnific-popup.min.js]
[designing-world.com/bigshop-2.3.0/js/jquery.nice-select.min.js]
[designing-world.com/bigshop-2.3.0/js/wow.min.js]
[designing-world.com/bigshop-2.3.0/index-2.html]
[designing-world.com/bigshop-2.3.0/js/default/active.js]
[designing-world.com/bigshop-2.3.0/css/bootstrap.min.css]
[designing-world.com/bigshop-2.3.0/css/default/classy-nav.min.css]
[designing-world.com/bigshop-2.3.0/css/owl.carousel.min.css]
[designing-world.com/bigshop-2.3.0/css/nice-select.css]
[designing-world.com/bigshop-2.3.0/css/animate.css]
[designing-world.com/bigshop-2.3.0/css/jquery-ui.min.css]
[designing-world.com/bigshop-2.3.0/css/magnific-popup.css]
[designing-world.com/bigshop-2.3.0/css/font-awesome.min.css]
[designing-world.com/bigshop-2.3.0/style.css]
[designing-world.com/bigshop-2.3.0/css/default/icofont.min.css]
[designing-world.com/bigshop-2.3.0/img/demo-img/h1.png]
[designing-world.com/bigshop-2.3.0/img/demo-img/h2.png]
[designing-world.com/bigshop-2.3.0/img/demo-img/h3.png]
[designing-world.com/bigshop-2.3.0/img/demo-img/sg1.png]
[designing-world.com/bigshop-2.3.0/img/demo-img/sg2.png]
[designing-world.com/bigshop-2.3.0/img/demo-img/sg3.png]
[designing-world.com/bigshop-2.3.0/img/demo-img/sg4.png]
[designing-world.com/bigshop-2.3.0/img/demo-img/sl1.png]
[designing-world.com/bigshop-2.3.0/img/demo-img/sl2.png]
[designing-world.com/bigshop-2.3.0/img/demo-img/sl3.png]
[designing-world.com/bigshop-2.3.0/img/demo-img/sl4.png]
[designing-world.com/bigshop-2.3.0/img/demo-img/pd.png]
[designing-world.com/bigshop-2.3.0/img/demo-img/cart.png]
[designing-world.com/bigshop-2.3.0/img/demo-img/c1.png]
[designing-world.com/bigshop-2.3.0/img/demo-img/c2.png]
[designing-world.com/bigshop-2.3.0/img/demo-img/c3.png]
[designing-world.com/bigshop-2.3.0/img/demo-img/c4.png]
[designing-world.com/bigshop-2.3.0/img/demo-img/c5.png]
[designing-world.com/bigshop-2.3.0/img/demo-img/oc.png]
[designing-world.com/bigshop-2.3.0/img/demo-img/wishlist.png]
[designing-world.com/bigshop-2.3.0/img/demo-img/compare.png]
[designing-world.com/bigshop-2.3.0/img/demo-img/ap1.png]
[designing-world.com/bigshop-2.3.0/img/demo-img/ap2.png]
[designing-world.com/bigshop-2.3.0/img/demo-img/ap3.png]
[designing-world.com/bigshop-2.3.0/img/demo-img/ap4.png]
[designing-world.com/bigshop-2.3.0/img/demo-img/ap5.png]
[designing-world.com/bigshop-2.3.0/index.html]
[designing-world.com/bigshop-2.3.0/img/bg-img/8.jpg]
[designing-world.com/bigshop-2.3.0/img/bg-img/slide-1.png]
[designing-world.com/bigshop-2.3.0/img/bg-img/7.jpg]
[designing-world.com/bigshop-2.3.0/img/bg-img/6.jpg]
[designing-world.com/bigshop-2.3.0/img/bg-img/c1.jpg]
[designing-world.com/bigshop-2.3.0/img/bg-img/c2.jpg]
[designing-world.com/bigshop-2.3.0/img/bg-img/c3.jpg]
[designing-world.com/bigshop-2.3.0/img/product-img/new-6.png]
[designing-world.com/bigshop-2.3.0/img/product-img/new-6-back.png]
[designing-world.com/bigshop-2.3.0/img/product-img/new-2.png]
[designing-world.com/bigshop-2.3.0/img/product-img/new-2-back.png]
[designing-world.com/bigshop-2.3.0/img/product-img/new-4.png]
[designing-world.com/bigshop-2.3.0/img/product-img/new-4-back.png]
[designing-world.com/bigshop-2.3.0/img/product-img/new-5.png]
[designing-world.com/bigshop-2.3.0/img/product-img/new-5-back.png]
[designing-world.com/bigshop-2.3.0/img/bg-img/fea_offer.jpg]
[designing-world.com/bigshop-2.3.0/img/product-img/new-7.png]
[designing-world.com/bigshop-2.3.0/img/product-img/new-7-back.png]
[designing-world.com/bigshop-2.3.0/img/product-img/top-3.png]
[designing-world.com/bigshop-2.3.0/img/product-img/top-4.png]
[designing-world.com/bigshop-2.3.0/img/product-img/top-5.png]
[designing-world.com/bigshop-2.3.0/img/product-img/top-6.png]
[designing-world.com/bigshop-2.3.0/img/product-img/best-5.png]
[designing-world.com/bigshop-2.3.0/img/product-img/best-6.png]
[designing-world.com/bigshop-2.3.0/img/product-img/onsale-3.png]
[designing-world.com/bigshop-2.3.0/img/product-img/onsale-6.png]
[designing-world.com/bigshop-2.3.0/img/partner-img/1.jpg]
[designing-world.com/bigshop-2.3.0/img/partner-img/2.jpg]
[designing-world.com/bigshop-2.3.0/img/partner-img/3.jpg]
[designing-world.com/bigshop-2.3.0/img/partner-img/4.jpg]
[designing-world.com/bigshop-2.3.0/img/partner-img/5.jpg]
[designing-world.com/bigshop-2.3.0/img/partner-img/6.jpg]
[designing-world.com/bigshop-2.3.0/index-1.html]
[designing-world.com/bigshop-2.3.0/img/bg-img/1.jpg]
[designing-world.com/bigshop-2.3.0/img/bg-img/2.jpg]
[designing-world.com/bigshop-2.3.0/img/bg-img/3.jpg]
[designing-world.com/bigshop-2.3.0/img/product-img/cata-1.jpg]
[designing-world.com/bigshop-2.3.0/img/product-img/cata-2.jpg]
[designing-world.com/bigshop-2.3.0/img/product-img/cata-3.jpg]
[designing-world.com/bigshop-2.3.0/img/product-img/popular-1.jpg]
[designing-world.com/bigshop-2.3.0/img/product-img/popular-1-back.jpg]
[designing-world.com/bigshop-2.3.0/img/product-img/popular-2.jpg]
[designing-world.com/bigshop-2.3.0/img/product-img/popular-2-back.jpg]
[designing-world.com/bigshop-2.3.0/img/product-img/popular-3.jpg]
[designing-world.com/bigshop-2.3.0/img/product-img/popular-3-back.jpg]
[designing-world.com/bigshop-2.3.0/img/product-img/popular-4.jpg]
[designing-world.com/bigshop-2.3.0/img/product-img/popular-4-back.jpg]
[designing-world.com/bigshop-2.3.0/img/bg-img/deals.jpg]
[designing-world.com/bigshop-2.3.0/img/product-img/new-arrivals-1.jpg]
[designing-world.com/bigshop-2.3.0/img/product-img/new-arrivals-1-back.jpg]
[designing-world.com/bigshop-2.3.0/img/product-img/new-arrivals-2.jpg]
[designing-world.com/bigshop-2.3.0/img/product-img/new-arrivals-2-back.jpg]
[designing-world.com/bigshop-2.3.0/img/product-img/new-arrivals-3.jpg]
[designing-world.com/bigshop-2.3.0/img/product-img/new-arrivals-3-back.jpg]
[designing-world.com/bigshop-2.3.0/img/product-img/new-arrivals-4.jpg]
[designing-world.com/bigshop-2.3.0/img/product-img/new-arrivals-4-back.jpg]
[designing-world.com/bigshop-2.3.0/img/product-img/new-arrivals-5.jpg]
[designing-world.com/bigshop-2.3.0/img/product-img/new-arrivals-5-back.jpg]
[designing-world.com/bigshop-2.3.0/img/product-img/new-arrivals-6.jpg]
[designing-world.com/bigshop-2.3.0/img/product-img/new-arrivals-6-back.jpg]
[designing-world.com/bigshop-2.3.0/img/product-img/new-arrivals-7.jpg]
[designing-world.com/bigshop-2.3.0/img/product-img/new-arrivals-7-back.jpg]
[designing-world.com/bigshop-2.3.0/img/product-img/new-arrivals-8.jpg]
[designing-world.com/bigshop-2.3.0/img/product-img/new-arrivals-8-back.jpg]
[designing-world.com/bigshop-2.3.0/index-3.html]
[designing-world.com/bigshop-2.3.0/img/product-img/new-3.png]
[designing-world.com/bigshop-2.3.0/img/product-img/new-3-back.png]
[designing-world.com/bigshop-2.3.0/img/product-img/new-8.png]
[designing-world.com/bigshop-2.3.0/img/product-img/new-8-back.png]
[designing-world.com/bigshop-2.3.0/img/product-img/new-9.png]
[designing-world.com/bigshop-2.3.0/img/product-img/new-9-back.png]
[designing-world.com/bigshop-2.3.0/shop-grid-left-sidebar.html]
[designing-world.com/bigshop-2.3.0/shop-grid-right-sidebar.html]
[designing-world.com/bigshop-2.3.0/shop-grid-top-sidebar.html]
[designing-world.com/bigshop-2.3.0/shop-grid-no-sidebar.html]
[designing-world.com/bigshop-2.3.0/shop-list-left-sidebar.html]
[designing-world.com/bigshop-2.3.0/shop-list-right-sidebar.html]
[designing-world.com/bigshop-2.3.0/shop-list-top-sidebar.html]
[designing-world.com/bigshop-2.3.0/shop-list-no-sidebar.html]
[designing-world.com/bigshop-2.3.0/img/product-img/pd-big-thumb-1.png]
[designing-world.com/bigshop-2.3.0/img/product-img/pd-big-thumb-2.png]
[designing-world.com/bigshop-2.3.0/img/product-img/pd-big-thumb-3.png]
[designing-world.com/bigshop-2.3.0/img/product-img/pd-big-thumb-4.png]
[designing-world.com/bigshop-2.3.0/img/bg-img/size-1.png]
[designing-world.com/bigshop-2.3.0/img/bg-img/size-2.png]
[designing-world.com/bigshop-2.3.0/img/bg-img/size-3.png]
[designing-world.com/bigshop-2.3.0/product-details.html]
[designing-world.com/bigshop-2.3.0/cart.html]
[designing-world.com/bigshop-2.3.0/checkout-1.html]
[designing-world.com/bigshop-2.3.0/checkout-2.html]
[designing-world.com/bigshop-2.3.0/checkout-3.html]
[designing-world.com/bigshop-2.3.0/img/bg-img/cvc.jpg]
[designing-world.com/bigshop-2.3.0/checkout-4.html]
[designing-world.com/bigshop-2.3.0/checkout-5.html]
[designing-world.com/bigshop-2.3.0/checkout-complate.html]
[designing-world.com/bigshop-2.3.0/my-account.html]
[designing-world.com/bigshop-2.3.0/order-list.html]
[designing-world.com/bigshop-2.3.0/downloads.html]
[designing-world.com/bigshop-2.3.0/addresses.html]
[designing-world.com/bigshop-2.3.0/account-details.html]
[designing-world.com/bigshop-2.3.0/wishlist.html]
[designing-world.com/bigshop-2.3.0/img/product-img/compare-2.jpg]
[designing-world.com/bigshop-2.3.0/img/product-img/compare-1.jpg]
[designing-world.com/bigshop-2.3.0/img/product-img/compare-3.jpg]
[designing-world.com/bigshop-2.3.0/img/product-img/compare-4.jpg]
[designing-world.com/bigshop-2.3.0/compare.html]
[designing-world.com/bigshop-2.3.0/img/gallery/1.png]
[designing-world.com/bigshop-2.3.0/img/gallery/2.png]
[designing-world.com/bigshop-2.3.0/img/gallery/3.png]
[designing-world.com/bigshop-2.3.0/img/gallery/4.png]
[designing-world.com/bigshop-2.3.0/img/partner-img/tes-1.png]
[designing-world.com/bigshop-2.3.0/img/partner-img/tes-2.png]
[designing-world.com/bigshop-2.3.0/img/partner-img/tes-3.png]
[designing-world.com/bigshop-2.3.0/about-us.html]
[designing-world.com/bigshop-2.3.0/faq.html]
[designing-world.com/bigshop-2.3.0/contact.html]
[designing-world.com/bigshop-2.3.0/login.html]
[designing-world.com/bigshop-2.3.0/404.html]
[designing-world.com/bigshop-2.3.0/500.html]
[designing-world.com/bigshop-2.3.0/coming-soon.html]
[designing-world.com/bigshop-2.3.0/img/bg-img/lp-1.jpg]
[designing-world.com/bigshop-2.3.0/img/bg-img/lp-2.jpg]
[designing-world.com/bigshop-2.3.0/img/bg-img/lp-3.jpg]
[designing-world.com/bigshop-2.3.0/img/bg-img/blog-1.jpg]
[designing-world.com/bigshop-2.3.0/img/bg-img/blog-2.jpg]
[designing-world.com/bigshop-2.3.0/img/bg-img/blog-3.jpg]
[designing-world.com/bigshop-2.3.0/img/bg-img/blog-4.jpg]
[designing-world.com/bigshop-2.3.0/img/bg-img/blog-5.jpg]
[designing-world.com/bigshop-2.3.0/blog-with-left-sidebar.html]
[designing-world.com/bigshop-2.3.0/blog-with-right-sidebar.html]
[designing-world.com/bigshop-2.3.0/blog-with-no-sidebar.html]
[designing-world.com/bigshop-2.3.0/single-blog.html]
[designing-world.com/bigshop-2.3.0/accordian.html]
[designing-world.com/bigshop-2.3.0/alerts.html]
[designing-world.com/bigshop-2.3.0/badges.html]
[designing-world.com/bigshop-2.3.0/blockquotes.html]
[designing-world.com/bigshop-2.3.0/breadcrumb.html]
[designing-world.com/bigshop-2.3.0/buttons.html]
[designing-world.com/bigshop-2.3.0/forms.html]
[designing-world.com/bigshop-2.3.0/img/gallery/5.png]
[designing-world.com/bigshop-2.3.0/img/gallery/6.png]
[designing-world.com/bigshop-2.3.0/img/gallery/7.png]
[designing-world.com/bigshop-2.3.0/img/gallery/8.png]
[designing-world.com/bigshop-2.3.0/gallery.html]
[designing-world.com/bigshop-2.3.0/heading.html]
[designing-world.com/bigshop-2.3.0/icon-fontawesome.html]
[designing-world.com/bigshop-2.3.0/icon-icofont.html]
[designing-world.com/bigshop-2.3.0/labels.html]
[designing-world.com/bigshop-2.3.0/modals.html]
[designing-world.com/bigshop-2.3.0/pagination.html]
[designing-world.com/bigshop-2.3.0/progress-bars.html]
[designing-world.com/bigshop-2.3.0/tables.html]
[designing-world.com/bigshop-2.3.0/css/bootstrap.min.css]
[designing-world.com/bigshop-2.3.0/fonts/classy-fontscb9b.eot]
[designing-world.com/bigshop-2.3.0/fonts/classy-fontscb9b.ttf]
[designing-world.com/bigshop-2.3.0/fonts/classy-fontscb9b.woff]
[designing-world.com/bigshop-2.3.0/fonts/classy-fontscb9b.svg]
[designing-world.com/bigshop-2.3.0/css/default/classy-nav.min.css]
[designing-world.com/bigshop-2.3.0/css/owl.carousel.min.css]
[designing-world.com/bigshop-2.3.0/css/nice-select.css]
[designing-world.com/bigshop-2.3.0/css/animate.css]
[designing-world.com/bigshop-2.3.0/css/jquery-ui.min.css]
[designing-world.com/bigshop-2.3.0/css/magnific-popup.css]
[designing-world.com/bigshop-2.3.0/fonts/fontawesome-webfont3e6e.eot]
[designing-world.com/bigshop-2.3.0/fonts/fontawesome-webfontd41d.eot]
[designing-world.com/bigshop-2.3.0/fonts/fontawesome-webfont3e6e.woff2]
[designing-world.com/bigshop-2.3.0/fonts/fontawesome-webfont3e6e.woff]
[designing-world.com/bigshop-2.3.0/css/font-awesome.min.css]
[designing-world.com/bigshop-2.3.0/fonts/fontawesome-webfont3e6e.ttf]
[designing-world.com/bigshop-2.3.0/fonts/fontawesome-webfont3e6e.svg]
[designing-world.com/bigshop-2.3.0/fonts/icofont.woff2]
[designing-world.com/bigshop-2.3.0/fonts/icofont.woff]
[designing-world.com/bigshop-2.3.0/css/default/icofont.min.css]
[designing-world.com/bigshop-2.3.0/register.html]
[designing-world.com/bigshop-2.3.0/fonts/classy-fontscb9b.svg]
[designing-world.com/bigshop-2.3.0/css/owl.video.play.html]
[designing-world.com/bigshop-2.3.0/css/images/ui-icons_444444_256x240.html]
[designing-world.com/bigshop-2.3.0/css/images/ui-icons_555555_256x240.html]
[designing-world.com/bigshop-2.3.0/css/images/ui-icons_ffffff_256x240.html]
[designing-world.com/bigshop-2.3.0/css/images/ui-icons_777620_256x240.html]
[designing-world.com/bigshop-2.3.0/css/images/ui-icons_cc0000_256x240.html]
[designing-world.com/bigshop-2.3.0/css/images/ui-icons_777777_256x240.html]
[designing-world.com/bigshop-2.3.0/fonts/fontawesome-webfont3e6e.svg]
